mysql> create table client(clinet_no CHAR(6),client_name VARCHAR(25),)
    -> ;
ERROR 1064 (42000): You have an error in your SQL syntax; check the manual that corresponds to your MySQL server version for the right syntax to use near ')' at line 1
mysql> create table client(clinet_no CHAR(6),client_name VARCHAR(25),
    -> city VARCHAR(25), state VARCHAR(25),
    -> balance_due MEDIUMIN,
    -> CONSTRAINT clnt_pk PRIMARY KEY(client_no),
    -> CONSTRAINT clnt_on_chk CHECK(client_no LIKE'C%'));
ERROR 1064 (42000): You have an error in your SQL syntax; check the manual that corresponds to your MySQL server version for the right syntax to use near 'MEDIUMIN,
CONSTRAINT clnt_pk PRIMARY KEY(client_no),
CONSTRAINT clnt_on_chk CHEC' at line 3
mysql> create table client(clinet_no CHAR(6),client_name VARCHAR(25),
    -> city VARCHAR(25), state VARCHAR(25),
    -> balance_due MEDIUMINT,
    -> CONSTRAINT clnt_pk PRIMARY KEY(client_no),
    -> CONSTRAINT clnt_on_chk CHECK(client_no LIKE'C%'));
ERROR 3820 (HY000): Check constraint 'clnt_on_chk' refers to non-existing column 'client_no'.
mysql> create table client(clinet_no CHAR(6),client_name VARCHAR(25),
    -> city VARCHAR(25), state VARCHAR(25),
    -> balance_due MEDIUMINT,
    -> CONSTRAINT clnt_pk PRIMARY KEY(client_no),
    -> CONSTRAINT clnt_no_chk CHECK(client_no LIKE'C%'));
ERROR 3820 (HY000): Check constraint 'clnt_no_chk' refers to non-existing column 'client_no'.
mysql> CREATE TABLE client(client_no CHAR(6),client_name VARCHAR(25),
    -> city VARCHAR(25),state VARCHAR(25),
    ->  balance_due MEDIUMINT,
    ->  CONSTRAINT clnt_pk PRIMARY KEY(client_no),
    -> CONSTRAINT clnt_no_chk CHECK(client_no LIKE'C%'));
Query OK, 0 rows affected (0.04 sec)

mysql> create table salesman
    -> (salesman_no CHAR(6)PRIMARY KEY
    -> CHECK(salesman_noLIKE'S%'),
    -> s_name VARCHAR(25)NOT NULL,
    -> city VARCHAR(25));
ERROR 1064 (42000): You have an error in your SQL syntax; check the manual that corresponds to your MySQL server version for the right syntax to use near ''S%'),
s_name VARCHAR(25)NOT NULL,
city VARCHAR(25))' at line 3
mysql> create table salesman
    -> (salesman_no CHAR(6)PRIMARY KEY,
    -> CHECK(salesman_no LIKE'S%'),
    -> s_name VARCHAR(25)NOT NULL,
    -> city VARCHAR(25));
Query OK, 0 rows affected (0.02 sec)

mysql> show tables;
+-----------------+
| Tables_in_sales |
+-----------------+
| client          |
| salesman        |
+-----------------+
2 rows in set (0.02 sec)

mysql> CREATE TABLE product
    -> (prod_no CHAR(6) PRIMARY KEY
    -> CHECK(prod_no LIKE'P%'),
    -> prod_desc VARCHAR(25) NOT NULL,
    -> qty TINYINT DEFAULT 0,
    -> cost_prcINT, sell_prcINT);
ERROR 1064 (42000): You have an error in your SQL syntax; check the manual that corresponds to your MySQL server version for the right syntax to use near ', sell_prcINT)' at line 6
mysql> CREATE TABLE product
    -> (prod_no CHAR(6) PRIMARY KEY
    -> CHECK(prod_no LIKE'P%'),
    -> prod_desc VARCHAR(25) NOT NULL,
    -> qty TINYINT DEFAULT 0,
    -> cost_prc INT,sell_prc INT);
Query OK, 0 rows affected (0.02 sec)

mysql> show tables;
+-----------------+
| Tables_in_sales |
+-----------------+
| client          |
| product         |
| salesman        |
+-----------------+
3 rows in set (0.00 sec)

mysql> DESCS sales;
ERROR 1064 (42000): You have an error in your SQL syntax; check the manual that corresponds to your MySQL server version for the right syntax to use near 'DESCS sales' at line 1
mysql> DESCS client;
ERROR 1064 (42000): You have an error in your SQL syntax; check the manual that corresponds to your MySQL server version for the right syntax to use near 'DESCS client' at line 1
mysql> describe client;
+-------------+-------------+------+-----+---------+-------+
| Field       | Type        | Null | Key | Default | Extra |
+-------------+-------------+------+-----+---------+-------+
| client_no   | char(6)     | NO   | PRI | NULL    |       |
| client_name | varchar(25) | YES  |     | NULL    |       |
| city        | varchar(25) | YES  |     | NULL    |       |
| state       | varchar(25) | YES  |     | NULL    |       |
| balance_due | mediumint   | YES  |     | NULL    |       |
+-------------+-------------+------+-----+---------+-------+
5 rows in set (0.01 sec)

mysql> describe product;
+-----------+-------------+------+-----+---------+-------+
| Field     | Type        | Null | Key | Default | Extra |
+-----------+-------------+------+-----+---------+-------+
| prod_no   | char(6)     | NO   | PRI | NULL    |       |
| prod_desc | varchar(25) | NO   |     | NULL    |       |
| qty       | tinyint     | YES  |     | 0       |       |
| cost_prc  | int         | YES  |     | NULL    |       |
| sell_prc  | int         | YES  |     | NULL    |       |
+-----------+-------------+------+-----+---------+-------+
5 rows in set (0.00 sec)

mysql> describe salesman;
+-------------+-------------+------+-----+---------+-------+
| Field       | Type        | Null | Key | Default | Extra |
+-------------+-------------+------+-----+---------+-------+
| salesman_no | char(6)     | NO   | PRI | NULL    |       |
| s_name      | varchar(25) | NO   |     | NULL    |       |
| city        | varchar(25) | YES  |     | NULL    |       |
+-------------+-------------+------+-----+---------+-------+
3 rows in set (0.00 sec)

mysql> CREATE TABLE sales_order
    -> (order_no BIGINT AUTO_INCREMENT PRIMARY KEY,
    -> ord_date DATE;
ERROR 1064 (42000): You have an error in your SQL syntax; check the manual that corresponds to your MySQL server version for the right syntax to use near '' at line 3
mysql> CREATE TABLE sales_order
    -> (order_no BIGINT AUTO_INCREMENT PRIMARY KEY,
    -> ord_date DATE,
    -> clnt_no CHAR(6),
    -> salesman_no CHAR(6),
    -> dely_type CHAR(1),
    ->        CHECK(dely_type='F' OR dely
    -> _type='P'),
    -> dely_date date,
    -> FOREIGN KEY(clnt_no) REFERENCES client(client_no),
    -> FOREIGN KEY(salesman_no) REFERENCES
    ->                   salesman(salesman_no),
    -> CHECK(ord_date < dely_date));
ERROR 1064 (42000): You have an error in your SQL syntax; check the manual that corresponds to your MySQL server version for the right syntax to use near '_type='P'),
dely_date date,
FOREIGN KEY(clnt_no) REFERENCES client(client_no),
F' at line 8
mysql> CREATE TABLE sales_order
    -> (order_no BIGINT AUTO_INCREMENT PRIMARY KEY,
    -> ord_date DATE,
    -> clnt_no CHAR(6),
    -> salesman_no CHAR(6),
    -> dely_type CHAR(1),
    ->        CHECK(dely_type='F' OR dely_type='P'),
    ->  dely_date date,
    -> FOREIGN KEY(clnt_no) REFERENCES client(client_no),
    -> FOREIGN KEY(salesman_no) REFERENCES
    ->  salesman(salesman_no),
    -> CHECK(ord_date < dely_date));
Query OK, 0 rows affected (0.05 sec)

mysql> insert into client
    -> values('c1001','tejas','panjim','goa',1000);
Query OK, 1 row affected (0.02 sec)

mysql> select * from client;
+-----------+-------------+--------+-------+-------------+
| client_no | client_name | city   | state | balance_due |
+-----------+-------------+--------+-------+-------------+
| c1001     | tejas       | panjim | goa   |        1000 |
+-----------+-------------+--------+-------+-------------+
1 row in set (0.00 sec)

mysql> insert into client
    -> values('c1002','raj','porvorim','goa',100);
Query OK, 1 row affected (0.01 sec)

mysql> insert into client
    -> values('c1003','jay','mapusa','goa',10012);
Query OK, 1 row affected (0.00 sec)

mysql> select * from client;
+-----------+-------------+----------+-------+-------------+
| client_no | client_name | city     | state | balance_due |
+-----------+-------------+----------+-------+-------------+
| c1001     | tejas       | panjim   | goa   |        1000 |
| c1002     | raj         | porvorim | goa   |         100 |
| c1003     | jay         | mapusa   | goa   |       10012 |
+-----------+-------------+----------+-------+-------------+
3 rows in set (0.00 sec)

mysql> insert into product
    -> values('p101','lays',10,5,15);
Query OK, 1 row affected (0.01 sec)

mysql> insert into product
    -> values('p102','balaji',20,10,25);
Query OK, 1 row affected (0.00 sec)

mysql> insert into product
    -> values('p102','pringles',80,60,120);
ERROR 1062 (23000): Duplicate entry 'p102' for key 'product.PRIMARY'
mysql> insert into product
    -> values('p103','pringles',80,60,120);
Query OK, 1 row affected (0.01 sec)

mysql> select * from product;
+---------+-----------+------+----------+----------+
| prod_no | prod_desc | qty  | cost_prc | sell_prc |
+---------+-----------+------+----------+----------+
| p101    | lays      |   10 |        5 |       15 |
| p102    | balaji    |   20 |       10 |       25 |
| p103    | pringles  |   80 |       60 |      120 |
+---------+-----------+------+----------+----------+
3 rows in set (0.00 sec)

mysql> insert into salesman
    -> values('s1001','shivam','panjim');
Query OK, 1 row affected (0.01 sec)

mysql> insert into salesman
    -> values('s1002','chandrakant','porvorim');
Query OK, 1 row affected (0.01 sec)

mysql> insert into salesman
    -> values('s1003','laban','devar');
Query OK, 1 row affected (0.01 sec)

mysql> insert into salesman
    -> values('s1004','joel','mapusa');
Query OK, 1 row affected (0.01 sec)

mysql> insert into salesman
    -> values('s1005','aryan','ribandar');
Query OK, 1 row affected (0.01 sec)

mysql> CREATE TABLE order_details
    -> (order_no VARCHAR(6), -> product_no VARCHAR(6),
    -> quantity_ordered INT,
    -> quantity_supplied INT,
    -> foreign key(order_no) references sales_order(order_no),
    -> foreign key(product_no) references product    (prod_no));
ERROR 1064 (42000): You have an error in your SQL syntax; check the manual that corresponds to your MySQL server version for the right syntax to use near '-> product_no VARCHAR(6),
quantity_ordered INT,
quantity_supplied INT,
foreign k' at line 2
mysql> CREATE TABLE order_details
    -> (order_no VARCHAR(6), -> product_no VARCHAR(6),
    -> ;
ERROR 1064 (42000): You have an error in your SQL syntax; check the manual that corresponds to your MySQL server version for the right syntax to use near '-> product_no VARCHAR(6),' at line 2
mysql> CREATE TABLE order_details
    -> (order_no VARCHAR(6),
    -> ;
ERROR 1064 (42000): You have an error in your SQL syntax; check the manual that corresponds to your MySQL server version for the right syntax to use near '' at line 2
mysql> CREATE TABLE order_details
    -> (order_no BIGINT,
    -> product_no CHAR(6),
    -> quantity_ordered INT,
    -> quantity_supplied INT,
    -> foreign key(order_no) references sales_order(order_no),
    -> foreign key(product_no) references product    (prod_no));
Query OK, 0 rows affected (0.04 sec)

mysql> DESC order_details;
+-------------------+---------+------+-----+---------+-------+
| Field             | Type    | Null | Key | Default | Extra |
+-------------------+---------+------+-----+---------+-------+
| order_no          | bigint  | YES  | MUL | NULL    |       |
| product_no        | char(6) | YES  | MUL | NULL    |       |
| quantity_ordered  | int     | YES  |     | NULL    |       |
| quantity_supplied | int     | YES  |     | NULL    |       |
+-------------------+---------+------+-----+---------+-------+
4 rows in set (0.00 sec)

mysql> select * from client;
+-----------+-------------+----------+-------+-------------+
| client_no | client_name | city     | state | balance_due |
+-----------+-------------+----------+-------+-------------+
| c1001     | tejas       | panjim   | goa   |        1000 |
| c1002     | raj         | porvorim | goa   |         100 |
| c1003     | jay         | mapusa   | goa   |       10012 |
+-----------+-------------+----------+-------+-------------+
3 rows in set (0.00 sec)

mysql> select * from product;
+---------+-----------+------+----------+----------+
| prod_no | prod_desc | qty  | cost_prc | sell_prc |
+---------+-----------+------+----------+----------+
| p101    | lays      |   10 |        5 |       15 |
| p102    | balaji    |   20 |       10 |       25 |
| p103    | pringles  |   80 |       60 |      120 |
+---------+-----------+------+----------+----------+
3 rows in set (0.00 sec)

mysql> select * from salesman;
+-------------+-------------+----------+
| salesman_no | s_name      | city     |
+-------------+-------------+----------+
| s1001       | shivam      | panjim   |
| s1002       | chandrakant | porvorim |
| s1003       | laban       | devar    |
| s1004       | joel        | mapusa   |
| s1005       | aryan       | ribandar |
+-------------+-------------+----------+
5 rows in set (0.00 sec)

mysql> inset into order_details
    -> values(01,'');
ERROR 1064 (42000): You have an error in your SQL syntax; check the manual that corresponds to your MySQL server version for the right syntax to use near 'inset into order_details
values(01,'')' at line 1
mysql> show tables;
+-----------------+
| Tables_in_sales |
+-----------------+
| client          |
| order_details   |
| product         |
| sales_order     |
| salesman        |
+-----------------+
5 rows in set (0.00 sec)

mysql> inset into order_details
    -> values(01,'p101',100,90);
ERROR 1064 (42000): You have an error in your SQL syntax; check the manual that corresponds to your MySQL server version for the right syntax to use near 'inset into order_details
values(01,'p101',100,90)' at line 1
mysql> insert into order_details
    -> values(01,'p101',100,90);
ERROR 1452 (23000): Cannot add or update a child row: a foreign key constraint fails (`sales`.`order_details`, CONSTRAINT `order_details_ibfk_1` FOREIGN KEY (`order_no`) REFERENCES `sales_order` (`order_no`))
mysql> Terminal close -- exit!
mysql> show tables;
+-----------------+
| Tables_in_sales |
+-----------------+
| client          |
| order_details   |
| product         |
| sales_order     |
| salesman        |
+-----------------+
5 rows in set (0.02 sec)

mysql> desc client;
+-------------+-------------+------+-----+---------+-------+
| Field       | Type        | Null | Key | Default | Extra |
+-------------+-------------+------+-----+---------+-------+
| client_no   | char(6)     | NO   | PRI | NULL    |       |
| client_name | varchar(25) | YES  |     | NULL    |       |
| city        | varchar(25) | YES  |     | NULL    |       |
| state       | varchar(25) | YES  |     | NULL    |       |
| balance_due | mediumint   | YES  |     | NULL    |       |
+-------------+-------------+------+-----+---------+-------+
5 rows in set (0.01 sec)

mysql> select * from sales_order;
Empty set (0.03 sec)

mysql> select * from order_details;
Empty set (0.01 sec)

mysql> select * from client;
+-----------+-------------+----------+-------+-------------+
| client_no | client_name | city     | state | balance_due |
+-----------+-------------+----------+-------+-------------+
| c1001     | tejas       | panjim   | goa   |        1000 |
| c1002     | raj         | porvorim | goa   |         100 |
| c1003     | jay         | mapusa   | goa   |       10012 |
+-----------+-------------+----------+-------+-------------+
3 rows in set (0.01 sec)

mysql> select * from product;
+---------+-----------+------+----------+----------+
| prod_no | prod_desc | qty  | cost_prc | sell_prc |
+---------+-----------+------+----------+----------+
| p101    | lays      |   10 |        5 |       15 |
| p102    | balaji    |   20 |       10 |       25 |
| p103    | pringles  |   80 |       60 |      120 |
+---------+-----------+------+----------+----------+
3 rows in set (0.01 sec)

mysql> select * from salesman;
+-------------+-------------+----------+
| salesman_no | s_name      | city     |
+-------------+-------------+----------+
| s1001       | shivam      | panjim   |
| s1002       | chandrakant | porvorim |
| s1003       | laban       | devar    |
| s1004       | joel        | mapusa   |
| s1005       | aryan       | ribandar |
+-------------+-------------+----------+
5 rows in set (0.02 sec)

mysql> describe sales_order;
+-------------+---------+------+-----+---------+----------------+
| Field       | Type    | Null | Key | Default | Extra          |
+-------------+---------+------+-----+---------+----------------+
| order_no    | bigint  | NO   | PRI | NULL    | auto_increment |
| ord_date    | date    | YES  |     | NULL    |                |
| clnt_no     | char(6) | YES  | MUL | NULL    |                |
| salesman_no | char(6) | YES  | MUL | NULL    |                |
| dely_type   | char(1) | YES  |     | NULL    |                |
| dely_date   | date    | YES  |     | NULL    |                |
+-------------+---------+------+-----+---------+----------------+
6 rows in set (0.01 sec)

mysql> describe client;
+-------------+-------------+------+-----+---------+-------+
| Field       | Type        | Null | Key | Default | Extra |
+-------------+-------------+------+-----+---------+-------+
| client_no   | char(6)     | NO   | PRI | NULL    |       |
| client_name | varchar(25) | YES  |     | NULL    |       |
| city        | varchar(25) | YES  |     | NULL    |       |
| state       | varchar(25) | YES  |     | NULL    |       |
| balance_due | mediumint   | YES  |     | NULL    |       |
+-------------+-------------+------+-----+---------+-------+
5 rows in set (0.00 sec)

mysql> insert into sales_order
    -> values(11011,'07-07-2022','c1001','s1001','misplaced','08-08-2002');
ERROR 1292 (22007): Incorrect date value: '07-07-2022' for column 'ord_date' at row 1
mysql> insert into sales_order
    -> values(11011,'2022-07-07','c1001','s1001','misplaced','2022-07-28');
ERROR 1406 (22001): Data too long for column 'dely_type' at row 1
mysql> insert into sales_order
    -> values(11011,'2022-07-07','c1001','s1001','E','2022-07-28');
ERROR 3819 (HY000): Check constraint 'sales_order_chk_1' is violated.
mysql> values(11011,'2022-07-07','c1001','s1001','P','2022-07-28');
ERROR 1064 (42000): You have an error in your SQL syntax; check the manual that corresponds to your MySQL server version for the right syntax to use near '(11011,'2022-07-07','c1001','s1001','P','2022-07-28')' at line 1
mysql> 
mysql> 
mysql> insert into sales_order
    -> values(11011,'2022-07-07','c1001','s1001','F','2022-07-28');
Query OK, 1 row affected (0.02 sec)

mysql> select * from sales_order;
+----------+------------+---------+-------------+-----------+------------+
| order_no | ord_date   | clnt_no | salesman_no | dely_type | dely_date  |
+----------+------------+---------+-------------+-----------+------------+
|    11011 | 2022-07-07 | c1001   | s1001       | F         | 2022-07-28 |
+----------+------------+---------+-------------+-----------+------------+
1 row in set (0.00 sec)

mysql> insert into sales_order
    -> values(11012,'2022-08-07','c1002','s1002','P','2022-08-18');
Query OK, 1 row affected (0.01 sec)

mysql> insert into sales_order
    -> values(11013,'2022-09-17','c1003','s1003','F','2022-09-20');
Query OK, 1 row affected (0.01 sec)

mysql> select * from sales_order;
+----------+------------+---------+-------------+-----------+------------+
| order_no | ord_date   | clnt_no | salesman_no | dely_type | dely_date  |
+----------+------------+---------+-------------+-----------+------------+
|    11011 | 2022-07-07 | c1001   | s1001       | F         | 2022-07-28 |
|    11012 | 2022-08-07 | c1002   | s1002       | P         | 2022-08-18 |
|    11013 | 2022-09-17 | c1003   | s1003       | F         | 2022-09-20 |
+----------+------------+---------+-------------+-----------+------------+
3 rows in set (0.00 sec)

mysql> describe order_details;
+-------------------+---------+------+-----+---------+-------+
| Field             | Type    | Null | Key | Default | Extra |
+-------------------+---------+------+-----+---------+-------+
| order_no          | bigint  | YES  | MUL | NULL    |       |
| product_no        | char(6) | YES  | MUL | NULL    |       |
| quantity_ordered  | int     | YES  |     | NULL    |       |
| quantity_supplied | int     | YES  |     | NULL    |       |
+-------------------+---------+------+-----+---------+-------+
4 rows in set (0.00 sec)

mysql> insert into sales_order
    -> values(11014,'2022-10-17','c1004','s1004','P','2022-10-22');
ERROR 1452 (23000): Cannot add or update a child row: a foreign key constraint fails (`sales`.`sales_order`, CONSTRAINT `sales_order_ibfk_1` FOREIGN KEY (`clnt_no`) REFERENCES `client` (`client_no`))
mysql> insert into client
    -> values('c1004','yash','bambolim','goa',1300);
Query OK, 1 row affected (0.01 sec)

mysql> insert into client
    -> values('c1005','vijay','mapusa','goa',1450);
Query OK, 1 row affected (0.01 sec)

mysql> select * from client;
+-----------+-------------+----------+-------+-------------+
| client_no | client_name | city     | state | balance_due |
+-----------+-------------+----------+-------+-------------+
| c1001     | tejas       | panjim   | goa   |        1000 |
| c1002     | raj         | porvorim | goa   |         100 |
| c1003     | jay         | mapusa   | goa   |       10012 |
| c1004     | yash        | bambolim | goa   |        1300 |
| c1005     | vijay       | mapusa   | goa   |        1450 |
+-----------+-------------+----------+-------+-------------+
5 rows in set (0.00 sec)

mysql> select * from salesman;
+-------------+-------------+----------+
| salesman_no | s_name      | city     |
+-------------+-------------+----------+
| s1001       | shivam      | panjim   |
| s1002       | chandrakant | porvorim |
| s1003       | laban       | devar    |
| s1004       | joel        | mapusa   |
| s1005       | aryan       | ribandar |
+-------------+-------------+----------+
5 rows in set (0.00 sec)

mysql> select * from sales_order;
+----------+------------+---------+-------------+-----------+------------+
| order_no | ord_date   | clnt_no | salesman_no | dely_type | dely_date  |
+----------+------------+---------+-------------+-----------+------------+
|    11011 | 2022-07-07 | c1001   | s1001       | F         | 2022-07-28 |
|    11012 | 2022-08-07 | c1002   | s1002       | P         | 2022-08-18 |
|    11013 | 2022-09-17 | c1003   | s1003       | F         | 2022-09-20 |
+----------+------------+---------+-------------+-----------+------------+
3 rows in set (0.00 sec)

mysql> insert into sales_order
    -> values(11014,'2022-10-17','c1004','s1004','P','2022-10-22');
Query OK, 1 row affected (0.01 sec)

mysql> insert into sales_order
    -> values(11015,'2022-11-27','c1005','s1005','F','2022-12-02');
Query OK, 1 row affected (0.01 sec)

mysql> select * from sales_order;
+----------+------------+---------+-------------+-----------+------------+
| order_no | ord_date   | clnt_no | salesman_no | dely_type | dely_date  |
+----------+------------+---------+-------------+-----------+------------+
|    11011 | 2022-07-07 | c1001   | s1001       | F         | 2022-07-28 |
|    11012 | 2022-08-07 | c1002   | s1002       | P         | 2022-08-18 |
|    11013 | 2022-09-17 | c1003   | s1003       | F         | 2022-09-20 |
|    11014 | 2022-10-17 | c1004   | s1004       | P         | 2022-10-22 |
|    11015 | 2022-11-27 | c1005   | s1005       | F         | 2022-12-02 |
+----------+------------+---------+-------------+-----------+------------+
5 rows in set (0.00 sec)

mysql> describe order_details;
+-------------------+---------+------+-----+---------+-------+
| Field             | Type    | Null | Key | Default | Extra |
+-------------------+---------+------+-----+---------+-------+
| order_no          | bigint  | YES  | MUL | NULL    |       |
| product_no        | char(6) | YES  | MUL | NULL    |       |
| quantity_ordered  | int     | YES  |     | NULL    |       |
| quantity_supplied | int     | YES  |     | NULL    |       |
+-------------------+---------+------+-----+---------+-------+
4 rows in set (0.00 sec)

mysql> select * from product;
+---------+-----------+------+----------+----------+
| prod_no | prod_desc | qty  | cost_prc | sell_prc |
+---------+-----------+------+----------+----------+
| p101    | lays      |   10 |        5 |       15 |
| p102    | balaji    |   20 |       10 |       25 |
| p103    | pringles  |   80 |       60 |      120 |
+---------+-----------+------+----------+----------+
3 rows in set (0.00 sec)

mysql> insert into order_details
    -> values(11011,'p101',10,10);
Query OK, 1 row affected (0.01 sec)

mysql> insert into order_details
    -> values(11012,'p102',13,10);
Query OK, 1 row affected (0.01 sec)

mysql> insert into order_details
    -> values(11013,'p103',16,15);
Query OK, 1 row affected (0.01 sec)

mysql> select * from order_details;
+----------+------------+------------------+-------------------+
| order_no | product_no | quantity_ordered | quantity_supplied |
+----------+------------+------------------+-------------------+
|    11011 | p101       |               10 |                10 |
|    11012 | p102       |               13 |                10 |
|    11013 | p103       |               16 |                15 |
+----------+------------+------------------+-------------------+
3 rows in set (0.00 sec)

mysql> insert into product
    -> values('p104','bingo',40,70,100);
Query OK, 1 row affected (0.01 sec)

mysql> insert into product
    -> values('p105','bikaji',60,100,130);
Query OK, 1 row affected (0.01 sec)

mysql> insert into order_details
    -> values(11014,'p104',16,16);
Query OK, 1 row affected (0.01 sec)

mysql> insert into order_details
    -> values(11015,'p105',20,19);
Query OK, 1 row affected (0.01 sec)

mysql> select * from client;
+-----------+-------------+----------+-------+-------------+
| client_no | client_name | city     | state | balance_due |
+-----------+-------------+----------+-------+-------------+
| c1001     | tejas       | panjim   | goa   |        1000 |
| c1002     | raj         | porvorim | goa   |         100 |
| c1003     | jay         | mapusa   | goa   |       10012 |
| c1004     | yash        | bambolim | goa   |        1300 |
| c1005     | vijay       | mapusa   | goa   |        1450 |
+-----------+-------------+----------+-------+-------------+
5 rows in set (0.00 sec)

mysql> select * from salesman;
+-------------+-------------+----------+
| salesman_no | s_name      | city     |
+-------------+-------------+----------+
| s1001       | shivam      | panjim   |
| s1002       | chandrakant | porvorim |
| s1003       | laban       | devar    |
| s1004       | joel        | mapusa   |
| s1005       | aryan       | ribandar |
+-------------+-------------+----------+
5 rows in set (0.00 sec)

mysql> select * from sales_order;
+----------+------------+---------+-------------+-----------+------------+
| order_no | ord_date   | clnt_no | salesman_no | dely_type | dely_date  |
+----------+------------+---------+-------------+-----------+------------+
|    11011 | 2022-07-07 | c1001   | s1001       | F         | 2022-07-28 |
|    11012 | 2022-08-07 | c1002   | s1002       | P         | 2022-08-18 |
|    11013 | 2022-09-17 | c1003   | s1003       | F         | 2022-09-20 |
|    11014 | 2022-10-17 | c1004   | s1004       | P         | 2022-10-22 |
|    11015 | 2022-11-27 | c1005   | s1005       | F         | 2022-12-02 |
+----------+------------+---------+-------------+-----------+------------+
5 rows in set (0.00 sec)

mysql> select * from product;
+---------+-----------+------+----------+----------+
| prod_no | prod_desc | qty  | cost_prc | sell_prc |
+---------+-----------+------+----------+----------+
| p101    | lays      |   10 |        5 |       15 |
| p102    | balaji    |   20 |       10 |       25 |
| p103    | pringles  |   80 |       60 |      120 |
| p104    | bingo     |   40 |       70 |      100 |
| p105    | bikaji    |   60 |      100 |      130 |
+---------+-----------+------+----------+----------+
5 rows in set (0.00 sec)

mysql> select * from order_details;
+----------+------------+------------------+-------------------+
| order_no | product_no | quantity_ordered | quantity_supplied |
+----------+------------+------------------+-------------------+
|    11011 | p101       |               10 |                10 |
|    11012 | p102       |               13 |                10 |
|    11013 | p103       |               16 |                15 |
|    11014 | p104       |               16 |                16 |
|    11015 | p105       |               20 |                19 |
+----------+------------+------------------+-------------------+
5 rows in set (0.00 sec)

mysql> show create table client;
+--------+-------------------------------------------------------------------------------------------------------------------------------------------------------------------------------------------------------------------------------------------------------------------------------------------------------------------------------------------------------------------------------------+
| Table  | Create Table                                                                                                                                                                                                                                                                                                                                                                        |
+--------+-------------------------------------------------------------------------------------------------------------------------------------------------------------------------------------------------------------------------------------------------------------------------------------------------------------------------------------------------------------------------------------+
| client | CREATE TABLE `client` (
  `client_no` char(6) NOT NULL,
  `client_name` varchar(25) DEFAULT NULL,
  `city` varchar(25) DEFAULT NULL,
  `state` varchar(25) DEFAULT NULL,
  `balance_due` mediumint DEFAULT NULL,
  PRIMARY KEY (`client_no`),
  CONSTRAINT `clnt_no_chk` CHECK ((`client_no` like _utf8mb4'C%'))
) ENGINE=InnoDB DEFAULT CHARSET=utf8mb4 COLLATE=utf8mb4_0900_ai_ci |
+--------+-------------------------------------------------------------------------------------------------------------------------------------------------------------------------------------------------------------------------------------------------------------------------------------------------------------------------------------------------------------------------------------+
1 row in set (0.01 sec)

mysql> insert into order_details
    -> values(11014,'p105',20,19);
Query OK, 1 row affected (0.01 sec)

mysql> insert into order_details
    -> values(11014,'p101',20,19);
Query OK, 1 row affected (0.01 sec)

mysql> select * from order_details;
+----------+------------+------------------+-------------------+
| order_no | product_no | quantity_ordered | quantity_supplied |
+----------+------------+------------------+-------------------+
|    11011 | p101       |               10 |                10 |
|    11012 | p102       |               13 |                10 |
|    11013 | p103       |               16 |                15 |
|    11014 | p104       |               16 |                16 |
|    11015 | p105       |               20 |                19 |
|    11014 | p105       |               20 |                19 |
|    11014 | p101       |               20 |                19 |
+----------+------------+------------------+-------------------+
7 rows in set (0.00 sec)

mysql> Q1. display ordrerno, clientno, dely date and return date for each order given return date is after delivery;
ERROR 1064 (42000): You have an error in your SQL syntax; check the manual that corresponds to your MySQL server version for the right syntax to use near 'Q1. display ordrerno, clientno, dely date and return date for each order given r' at line 1
mysql> 
mysql> 
mysql> select order_no, client_no, dely_date,
    -> adddate(dely_date,3) as return_date
    -> from sales_order;
ERROR 1054 (42S22): Unknown column 'client_no' in 'field list'
mysql> select order_no, client_no, dely_date,
    ->  adddate(dely_date,3) as return_date
    -> from sales_order;
ERROR 1054 (42S22): Unknown column 'client_no' in 'field list'
mysql> describe sales_order;
+-------------+---------+------+-----+---------+----------------+
| Field       | Type    | Null | Key | Default | Extra          |
+-------------+---------+------+-----+---------+----------------+
| order_no    | bigint  | NO   | PRI | NULL    | auto_increment |
| ord_date    | date    | YES  |     | NULL    |                |
| clnt_no     | char(6) | YES  | MUL | NULL    |                |
| salesman_no | char(6) | YES  | MUL | NULL    |                |
| dely_type   | char(1) | YES  |     | NULL    |                |
| dely_date   | date    | YES  |     | NULL    |                |
+-------------+---------+------+-----+---------+----------------+
6 rows in set (0.01 sec)

mysql> select order_no, clnt_no, dely_date,
    ->  adddate(dely_date,3) as return_date
    -> from sales_order;
+----------+---------+------------+-------------+
| order_no | clnt_no | dely_date  | return_date |
+----------+---------+------------+-------------+
|    11011 | c1001   | 2022-07-28 | 2022-07-31  |
|    11012 | c1002   | 2022-08-18 | 2022-08-21  |
|    11013 | c1003   | 2022-09-20 | 2022-09-23  |
|    11014 | c1004   | 2022-10-22 | 2022-10-25  |
|    11015 | c1005   | 2022-12-02 | 2022-12-05  |
+----------+---------+------------+-------------+
5 rows in set (0.00 sec)

